{
  "out": "/Users/hannahgao/b2b-wrapped/data_pipeline/raw",
  "race_url": "https://results.laurelt.com/bbk/results?race=167945",
  "team_url": "https://results.laurelt.com/bbk/results/teams",
  "page_size": 1000,
  "max_pages": 500,
  "delay": 0.25,
  "jitter": 0.15,
  "headful": false,
  "include_details": false,
  "details_limit": "0",
  "capture_splits": true,
  "skip_teams": true,
  "include_locations": false
}
Loading race page: https://results.laurelt.com/bbk/results?race=167945
Detected result section IDs: ['172645', '172646']

Scraping 12K leaderboard
12K page 1: 1000 rows
12K page 2: 1000 rows
12K page 3: 1000 rows
12K page 4: 1000 rows
12K page 5: 1000 rows
12K page 6: 1000 rows
12K page 7: 1000 rows
12K page 8: 1000 rows
12K page 9: 1000 rows
12K page 10: 1000 rows
12K page 11: 1000 rows
12K page 12: 1000 rows
12K page 13: 1000 rows
12K page 14: 1000 rows
12K page 15: 1000 rows
12K page 16: 1000 rows
12K page 17: 1000 rows
12K page 18: 1000 rows
12K page 19: 1000 rows
12K page 20: 1000 rows
12K page 21: 1000 rows
12K page 22: 729 rows

Scraping 15K Breakers Bonus leaderboard
15K Breakers Bonus page 1: 1000 rows
15K Breakers Bonus page 2: 1000 rows
15K Breakers Bonus page 3: 1000 rows
15K Breakers Bonus page 4: 300 rows

Saved /Users/hannahgao/b2b-wrapped/data_pipeline/raw/b2b_2026_results_raw.csv
Saved /Users/hannahgao/b2b-wrapped/data_pipeline/raw/b2b_2026_result_links.csv
Rows by event:
event
12K                   21729
15K Breakers Bonus     3300
dtype: int64
Saved /Users/hannahgao/b2b-wrapped/site/data/summary.json
Saved /Users/hannahgao/b2b-wrapped/site/data/results.min.json
event
12K                   21729
15K Breakers Bonus     3300
dtype: int64
